// Jest Snapshot v1, https://goo.gl/fbAQLP

exports[`renders correctly 1`] = `
<div
  className="carousel"
/>
`;

exports[`renders correctly 2`] = `
<div
  className="carousel"
/>
`;

exports[`renders correctly 3`] = `
<div
  className="carousel"
>
  <div
    className="movie"
  >
    <p
      className="title"
    >
      Frozen 2
       - 
    </p>
    <p
      className="emoji"
    >
      ❄️👗✌️
    </p>
  </div>
</div>
`;

exports[`renders correctly 4`] = `
<div
  className="carousel"
/>
`;
